2025-08-08 15:40:38 seafile-session.c(65): fileserver: web_token_expire_time = 3600
2025-08-08 15:40:38 seafile-session.c(77): fileserver: max_index_processing_threads= 3
2025-08-08 15:40:38 seafile-session.c(90): fileserver: fixed_block_size = 8388608
2025-08-08 15:40:38 seafile-session.c(102): fileserver: max_indexing_threads = 1
2025-08-08 15:40:38 ../common/seaf-utils.c(359): Use database Mysql
2025-08-08 15:40:38 http-server.c(195): fileserver: worker_threads = 10
2025-08-08 15:40:38 http-server.c(217): fileserver: cluster_shared_temp_file_mode = 600
2025-08-08 15:40:41 start to serve on pipe client
2025-08-08 15:40:42 start to serve on pipe client
2025-08-08 15:40:42 start to serve on pipe client
2025-08-08 15:40:42 start to serve on pipe client
2025-08-08 16:08:31 seafile-session.c(65): fileserver: web_token_expire_time = 3600
2025-08-08 16:08:31 seafile-session.c(77): fileserver: max_index_processing_threads= 3
2025-08-08 16:08:31 seafile-session.c(90): fileserver: fixed_block_size = 8388608
2025-08-08 16:08:31 seafile-session.c(102): fileserver: max_indexing_threads = 1
2025-08-08 16:08:31 ../common/seaf-utils.c(359): Use database Mysql
2025-08-08 16:08:31 http-server.c(195): fileserver: worker_threads = 10
2025-08-08 16:08:31 http-server.c(217): fileserver: cluster_shared_temp_file_mode = 600
2025-08-08 16:08:31 socket file exists, delete it anyway
2025-08-08 16:08:34 start to serve on pipe client
2025-08-08 16:08:35 start to serve on pipe client
2025-08-08 16:08:35 start to serve on pipe client
2025-08-08 16:08:35 start to serve on pipe client
